<markup>
    <container>
        <text id="123">Basierend auf Ihren Angaben k√∂nnen wir Ihnen folgende ${result.size()} Resultate vorschlagen:</text>
        <carousel>
            <block foreach="$lawyer in $result">
                <headline>{{$lawyer.name}}</headline>
                <label>${lawyer.address}</label>
                <text name="textInput" placeholder="type here..." regex="" value="foo" required="true" class="text"/>
                <labelA>A</labelA>
                <labelB>B</labelB>
                <labelC>C</labelC>
            </block>
        </carousel>
    </container>
</markup>